#
# There is insufficient memory for the Java Runtime Environment to continue.
# Native memory allocation (malloc) failed to allocate 1115536 bytes for Chunk::new
# Possible reasons:
#   The system is out of physical RAM or swap space
#   The process is running with CompressedOops enabled, and the Java Heap may be blocking the growth of the native heap
# Possible solutions:
#   Reduce memory load on the system
#   Increase physical memory or swap space
#   Check if swap backing store is full
#   Decrease Java heap size (-Xmx/-Xms)
#   Decrease number of Java threads
#   Decrease Java thread stack sizes (-Xss)
#   Set larger code cache with -XX:ReservedCodeCacheSize=
#   JVM is running with Unscaled Compressed Oops mode in which the Java heap is
#     placed in the first 4GB address space. The Java Heap base address is the
#     maximum limit for the native heap growth. Please use -XX:HeapBaseMinAddress
#     to set the Java Heap base and to place the Java Heap above 4GB virtual address.
# This output file may be truncated or incomplete.
#
#  Out of Memory Error (./open/src/hotspot/share/memory/arena.cpp:197), pid=20296, tid=5168
#
# JRE version: Java(TM) SE Runtime Environment 18.9 (11.0.15+8) (build 11.0.15+8-LTS-149)
# Java VM: Java HotSpot(TM) 64-Bit Server VM 18.9 (11.0.15+8-LTS-149, mixed mode, tiered, compressed oops, g1 gc, windows-amd64)
# No core dump will be written. Minidumps are not enabled by default on client versions of Windows
#

---------------  S U M M A R Y ------------

Command Line: -XX:MaxMetaspaceSize=512m --add-opens=java.base/java.util=ALL-UNNAMED --add-opens=java.base/java.lang=ALL-UNNAMED --add-opens=java.base/java.lang.invoke=ALL-UNNAMED --add-opens=java.base/java.util=ALL-UNNAMED --add-opens=java.prefs/java.util.prefs=ALL-UNNAMED --add-opens=java.prefs/java.util.prefs=ALL-UNNAMED --add-opens=java.base/java.nio.charset=ALL-UNNAMED --add-opens=java.base/java.net=ALL-UNNAMED --add-opens=java.base/java.util.concurrent.atomic=ALL-UNNAMED -Xmx2048m -Dfile.encoding=windows-1252 -Duser.country=IN -Duser.language=en -Duser.variant org.gradle.launcher.daemon.bootstrap.GradleDaemon 7.5.1

Host: Intel(R) Core(TM) i5-8250U CPU @ 1.60GHz, 8 cores, 7G,  Windows 11 , 64 bit Build 22621 (10.0.22621.1344)
Time: Sat Apr  8 16:48:34 2023 India Standard Time elapsed time: 48.210949 seconds (0d 0h 0m 48s)

---------------  T H R E A D  ---------------

Current thread (0x000001527f723000):  JavaThread "C2 CompilerThread0" daemon [_thread_in_native, id=5168, stack(0x0000002e59100000,0x0000002e59200000)]


Current CompileTask:
C2:  48211 8374 % !   4       java.util.jar.Attributes::read @ 155 (354 bytes)

Stack: [0x0000002e59100000,0x0000002e59200000]
Native frames: (J=compiled Java code, j=interpreted, Vv=VM code, C=native code)
V  [jvm.dll+0x629d8a]
V  [jvm.dll+0x7638ff]
V  [jvm.dll+0x764fa9]
V  [jvm.dll+0x765633]
V  [jvm.dll+0x23d9c8]
V  [jvm.dll+0xb2a1c]
V  [jvm.dll+0xb2fdc]
V  [jvm.dll+0x341002]
V  [jvm.dll+0x30e9b3]
V  [jvm.dll+0x30dcfa]
V  [jvm.dll+0x1f8565]
V  [jvm.dll+0x1f774d]
V  [jvm.dll+0x177c51]
V  [jvm.dll+0x207026]
V  [jvm.dll+0x2051bb]
V  [jvm.dll+0x729820]
V  [jvm.dll+0x7223f4]
V  [jvm.dll+0x628c26]
C  [ucrtbase.dll+0x29363]
C  [KERNEL32.DLL+0x126bd]
C  [ntdll.dll+0x5a9f8]


---------------  P R O C E S S  ---------------

Threads class SMR info:
_java_thread_list=0x0000015222fd4fd0, length=134, elements={
0x000001527bcb9800, 0x000001527f6ff000, 0x000001527f708800, 0x000001527f718000,
0x000001527f71d800, 0x000001527f71f800, 0x000001527f723000, 0x000001527f733000,
0x000001527f743800, 0x000001521a86c000, 0x000001521bac7000, 0x000001521c74f800,
0x000001521c124000, 0x000001521b55a800, 0x000001521b177000, 0x000001521aac5800,
0x000001521b53c800, 0x000001521aa86800, 0x000001521a897000, 0x000001521b566000,
0x000001521b569000, 0x000001521b564800, 0x000001521b56a000, 0x000001521b567000,
0x000001521b565000, 0x000001521b56b000, 0x000001521b567800, 0x000001521b568800,
0x000001521ef72800, 0x000001521ef70800, 0x000001521ef73800, 0x000001521ef76000,
0x000001521ef74800, 0x000001521ef75000, 0x000001521ef72000, 0x000001521ef7e000,
0x000001521ef7c800, 0x000001521ef7d800, 0x000001521ef7b000, 0x000001521ef78800,
0x000001521ef79800, 0x000001521ef7f000, 0x000001521ef7b800, 0x000001521ef7a000,
0x000001521ef35800, 0x000001521ef39800, 0x000001521ef3b800, 0x000001521ef36800,
0x000001521ef3a800, 0x000001521ef39000, 0x000001521ef38000, 0x000001521ef3c000,
0x000001521ef3d000, 0x000001521ef37000, 0x000001521ef41000, 0x000001521ef3e000,
0x000001521ef42000, 0x000001521ef42800, 0x000001521ef43800, 0x000001521ef44800,
0x000001521ef3e800, 0x000001521ef3f800, 0x000001521ef40000, 0x000001521f21c800,
0x000001521f21b000, 0x000001521f21a000, 0x000001521f21b800, 0x000001521f216800,
0x000001521f21d000, 0x000001521f218800, 0x000001521f217800, 0x000001521f21e000,
0x000001521f21f000, 0x000001521f219000, 0x000001521f225800, 0x000001521f221800,
0x000001521f224800, 0x000001521f223000, 0x000001521f220800, 0x000001521f224000,
0x000001521f21f800, 0x000001521f222000, 0x000001522106b000, 0x000001522106b800,
0x000001522106d800, 0x000001522106e000, 0x000001522106f000, 0x000001522106c800,
0x000001522106f800, 0x000001522106a000, 0x0000015221076000, 0x0000015221070800,
0x0000015221077000, 0x0000015221074000, 0x0000015221074800, 0x0000015221072000,
0x0000015221071800, 0x0000015221073000, 0x0000015221075800, 0x0000015221078000,
0x0000015221078800, 0x000001521cd00800, 0x000001521ccfe800, 0x000001521cd01000,
0x000001521cd03000, 0x000001521cd02000, 0x000001521ccfd000, 0x000001521ccff800,
0x000001521cd03800, 0x000001521ccfe000, 0x000001521cd09800, 0x000001521cd08800,
0x000001521cd0a000, 0x000001521cd07800, 0x000001521cd04800, 0x000001521cd07000,
0x000001521cd0b000, 0x000001521cd05000, 0x000001521cd0b800, 0x000001521cd06000,
0x000001522165d800, 0x000001522165e000, 0x0000015221660800, 0x000001522165b800,
0x000001522165c800, 0x000001522165f000, 0x000001522165b000, 0x0000015221663000,
0x0000015221665800, 0x0000015221664800, 0x0000015221661800, 0x000001522165f800,
0x0000015221664000, 0x0000015221666000
}

Java Threads: ( => current thread )
  0x000001527bcb9800 JavaThread "main" [_thread_blocked, id=6096, stack(0x0000002e58500000,0x0000002e58600000)]
  0x000001527f6ff000 JavaThread "Reference Handler" daemon [_thread_blocked, id=14404, stack(0x0000002e58c00000,0x0000002e58d00000)]
  0x000001527f708800 JavaThread "Finalizer" daemon [_thread_blocked, id=3960, stack(0x0000002e58d00000,0x0000002e58e00000)]
  0x000001527f718000 JavaThread "Signal Dispatcher" daemon [_thread_blocked, id=6288, stack(0x0000002e58e00000,0x0000002e58f00000)]
  0x000001527f71d800 JavaThread "Attach Listener" daemon [_thread_blocked, id=20064, stack(0x0000002e58f00000,0x0000002e59000000)]
  0x000001527f71f800 JavaThread "Service Thread" daemon [_thread_blocked, id=2740, stack(0x0000002e59000000,0x0000002e59100000)]
=>0x000001527f723000 JavaThread "C2 CompilerThread0" daemon [_thread_in_native, id=5168, stack(0x0000002e59100000,0x0000002e59200000)]
  0x000001527f733000 JavaThread "C1 CompilerThread0" daemon [_thread_blocked, id=18020, stack(0x0000002e59200000,0x0000002e59300000)]
  0x000001527f743800 JavaThread "Sweeper thread" daemon [_thread_blocked, id=17360, stack(0x0000002e59300000,0x0000002e59400000)]
  0x000001521a86c000 JavaThread "Common-Cleaner" daemon [_thread_blocked, id=7916, stack(0x0000002e59400000,0x0000002e59500000)]
  0x000001521bac7000 JavaThread "Daemon health stats" [_thread_blocked, id=17548, stack(0x0000002e59800000,0x0000002e59900000)]
  0x000001521c74f800 JavaThread "Incoming local TCP Connector on port 64229" [_thread_in_native, id=15176, stack(0x0000002e59900000,0x0000002e59a00000)]
  0x000001521c124000 JavaThread "Daemon periodic checks" [_thread_blocked, id=20544, stack(0x0000002e59a00000,0x0000002e59b00000)]
  0x000001521b55a800 JavaThread "Daemon" [_thread_blocked, id=12684, stack(0x0000002e59b00000,0x0000002e59c00000)]
  0x000001521b177000 JavaThread "Handler for socket connection from /127.0.0.1:64229 to /127.0.0.1:64230" [_thread_in_native, id=17792, stack(0x0000002e59c00000,0x0000002e59d00000)]
  0x000001521aac5800 JavaThread "Cancel handler" [_thread_blocked, id=9928, stack(0x0000002e59d00000,0x0000002e59e00000)]
  0x000001521b53c800 JavaThread "Daemon worker" [_thread_in_Java, id=20672, stack(0x0000002e59e00000,0x0000002e59f00000)]
  0x000001521aa86800 JavaThread "Asynchronous log dispatcher for DefaultDaemonConnection: socket connection from /127.0.0.1:64229 to /127.0.0.1:64230" [_thread_blocked, id=4888, stack(0x0000002e59f00000,0x0000002e5a000000)]
  0x000001521a897000 JavaThread "Stdin handler" [_thread_blocked, id=4876, stack(0x0000002e5a000000,0x0000002e5a100000)]
  0x000001521b566000 JavaThread "Daemon client event forwarder" [_thread_blocked, id=10940, stack(0x0000002e5a100000,0x0000002e5a200000)]
  0x000001521b569000 JavaThread "Cache worker for journal cache (C:\Users\lowan\.gradle\caches\journal-1)" [_thread_blocked, id=612, stack(0x0000002e5a200000,0x0000002e5a300000)]
  0x000001521b564800 JavaThread "File lock request listener" [_thread_in_native, id=6948, stack(0x0000002e5a800000,0x0000002e5a900000)]
  0x000001521b56a000 JavaThread "Cache worker for file hash cache (C:\Users\lowan\.gradle\caches\7.5.1\fileHashes)" [_thread_blocked, id=12952, stack(0x0000002e5a900000,0x0000002e5aa00000)]
  0x000001521b567000 JavaThread "File watcher server" daemon [_thread_in_native, id=13804, stack(0x0000002e5ab00000,0x0000002e5ac00000)]
  0x000001521b565000 JavaThread "File watcher consumer" daemon [_thread_blocked, id=22032, stack(0x0000002e5ac00000,0x0000002e5ad00000)]
  0x000001521b56b000 JavaThread "Cache worker for checksums cache (D:\MyRoomRN\myroom-rn\android\.gradle\7.5.1\checksums)" [_thread_blocked, id=19944, stack(0x0000002e5ad00000,0x0000002e5ae00000)]
  0x000001521b567800 JavaThread "Cache worker for cache directory md-rule (C:\Users\lowan\.gradle\caches\7.5.1\md-rule)" [_thread_blocked, id=5524, stack(0x0000002e5ae00000,0x0000002e5af00000)]
  0x000001521b568800 JavaThread "Cache worker for file content cache (C:\Users\lowan\.gradle\caches\7.5.1\fileContent)" [_thread_blocked, id=12564, stack(0x0000002e5af00000,0x0000002e5b000000)]
  0x000001521ef72800 JavaThread "Cache worker for file hash cache (D:\MyRoomRN\myroom-rn\android\.gradle\7.5.1\fileHashes)" [_thread_blocked, id=17176, stack(0x0000002e5b000000,0x0000002e5b100000)]
  0x000001521ef70800 JavaThread "Cache worker for cache directory md-supplier (C:\Users\lowan\.gradle\caches\7.5.1\md-supplier)" [_thread_blocked, id=19988, stack(0x0000002e5b100000,0x0000002e5b200000)]
  0x000001521ef73800 JavaThread "Cache worker for execution history cache (C:\Users\lowan\.gradle\caches\7.5.1\executionHistory)" [_thread_blocked, id=10436, stack(0x0000002e5b200000,0x0000002e5b300000)]
  0x000001521ef76000 JavaThread "jar transforms" [_thread_blocked, id=14432, stack(0x0000002e5b300000,0x0000002e5b400000)]
  0x000001521ef74800 JavaThread "jar transforms Thread 2" [_thread_blocked, id=20888, stack(0x0000002e5b400000,0x0000002e5b500000)]
  0x000001521ef75000 JavaThread "jar transforms Thread 3" [_thread_blocked, id=16444, stack(0x0000002e5b500000,0x0000002e5b600000)]
  0x000001521ef72000 JavaThread "jar transforms Thread 4" [_thread_blocked, id=15324, stack(0x0000002e5b600000,0x0000002e5b700000)]
  0x000001521ef7e000 JavaThread "Cache worker for kotlin-dsl (C:\Users\lowan\.gradle\caches\7.5.1\kotlin-dsl)" [_thread_blocked, id=9528, stack(0x0000002e5b700000,0x0000002e5b800000)]
  0x000001521ef7c800 JavaThread "jar transforms Thread 5" [_thread_blocked, id=11964, stack(0x0000002e5b800000,0x0000002e5b900000)]
  0x000001521ef7d800 JavaThread "jar transforms Thread 6" [_thread_blocked, id=8852, stack(0x0000002e5bb00000,0x0000002e5bc00000)]
  0x000001521ef7b000 JavaThread "Cache worker for dependencies-accessors (D:\MyRoomRN\myroom-rn\android\.gradle\7.5.1\dependencies-accessors)" [_thread_blocked, id=16912, stack(0x0000002e5bc00000,0x0000002e5bd00000)]
  0x000001521ef78800 JavaThread "Cache worker for Build Output Cleanup Cache (D:\MyRoomRN\myroom-rn\node_modules\react-native-gradle-plugin\.gradle\buildOutputCleanup)" [_thread_blocked, id=5008, stack(0x0000002e5bd00000,0x0000002e5be00000)]
  0x000001521ef79800 JavaThread "jar transforms Thread 7" [_thread_blocked, id=19980, stack(0x0000002e5be00000,0x0000002e5bf00000)]
  0x000001521ef7f000 JavaThread "Unconstrained build operations" [_thread_blocked, id=12796, stack(0x0000002e5bf00000,0x0000002e5c000000)]
  0x000001521ef7b800 JavaThread "Unconstrained build operations Thread 2" [_thread_blocked, id=19224, stack(0x0000002e5c000000,0x0000002e5c100000)]
  0x000001521ef7a000 JavaThread "Unconstrained build operations Thread 3" [_thread_blocked, id=9960, stack(0x0000002e5c100000,0x0000002e5c200000)]
  0x000001521ef35800 JavaThread "Unconstrained build operations Thread 4" [_thread_blocked, id=14556, stack(0x0000002e5c200000,0x0000002e5c300000)]
  0x000001521ef39800 JavaThread "Unconstrained build operations Thread 5" [_thread_blocked, id=5532, stack(0x0000002e5c300000,0x0000002e5c400000)]
  0x000001521ef3b800 JavaThread "Unconstrained build operations Thread 6" [_thread_blocked, id=5624, stack(0x0000002e5c400000,0x0000002e5c500000)]
  0x000001521ef36800 JavaThread "Unconstrained build operations Thread 7" [_thread_blocked, id=15040, stack(0x0000002e5c500000,0x0000002e5c600000)]
  0x000001521ef3a800 JavaThread "Unconstrained build operations Thread 8" [_thread_blocked, id=16388, stack(0x0000002e5c600000,0x0000002e5c700000)]
  0x000001521ef39000 JavaThread "Unconstrained build operations Thread 9" [_thread_blocked, id=21540, stack(0x0000002e5c700000,0x0000002e5c800000)]
  0x000001521ef38000 JavaThread "Unconstrained build operations Thread 10" [_thread_blocked, id=8560, stack(0x0000002e5c800000,0x0000002e5c900000)]
  0x000001521ef3c000 JavaThread "Unconstrained build operations Thread 11" [_thread_blocked, id=10720, stack(0x0000002e5c900000,0x0000002e5ca00000)]
  0x000001521ef3d000 JavaThread "Unconstrained build operations Thread 12" [_thread_blocked, id=3460, stack(0x0000002e5ca00000,0x0000002e5cb00000)]
  0x000001521ef37000 JavaThread "Unconstrained build operations Thread 13" [_thread_blocked, id=14032, stack(0x0000002e5cb00000,0x0000002e5cc00000)]
  0x000001521ef41000 JavaThread "Unconstrained build operations Thread 14" [_thread_blocked, id=9784, stack(0x0000002e5cc00000,0x0000002e5cd00000)]
  0x000001521ef3e000 JavaThread "Unconstrained build operations Thread 15" [_thread_blocked, id=11672, stack(0x0000002e5cd00000,0x0000002e5ce00000)]
  0x000001521ef42000 JavaThread "Unconstrained build operations Thread 16" [_thread_blocked, id=12480, stack(0x0000002e5ce00000,0x0000002e5cf00000)]
  0x000001521ef42800 JavaThread "Unconstrained build operations Thread 17" [_thread_blocked, id=15932, stack(0x0000002e5cf00000,0x0000002e5d000000)]
  0x000001521ef43800 JavaThread "Unconstrained build operations Thread 18" [_thread_blocked, id=18056, stack(0x0000002e5d000000,0x0000002e5d100000)]
  0x000001521ef44800 JavaThread "Unconstrained build operations Thread 19" [_thread_blocked, id=21508, stack(0x0000002e5d100000,0x0000002e5d200000)]
  0x000001521ef3e800 JavaThread "Unconstrained build operations Thread 20" [_thread_blocked, id=12176, stack(0x0000002e5d200000,0x0000002e5d300000)]
  0x000001521ef3f800 JavaThread "Unconstrained build operations Thread 21" [_thread_blocked, id=21060, stack(0x0000002e5d300000,0x0000002e5d400000)]
  0x000001521ef40000 JavaThread "Unconstrained build operations Thread 22" [_thread_blocked, id=16928, stack(0x0000002e5d400000,0x0000002e5d500000)]
  0x000001521f21c800 JavaThread "Unconstrained build operations Thread 23" [_thread_blocked, id=17300, stack(0x0000002e5d500000,0x0000002e5d600000)]
  0x000001521f21b000 JavaThread "Unconstrained build operations Thread 24" [_thread_blocked, id=8364, stack(0x0000002e5d600000,0x0000002e5d700000)]
  0x000001521f21a000 JavaThread "Unconstrained build operations Thread 25" [_thread_blocked, id=13912, stack(0x0000002e5d700000,0x0000002e5d800000)]
  0x000001521f21b800 JavaThread "Unconstrained build operations Thread 26" [_thread_blocked, id=9124, stack(0x0000002e5d800000,0x0000002e5d900000)]
  0x000001521f216800 JavaThread "Unconstrained build operations Thread 27" [_thread_blocked, id=20416, stack(0x0000002e5d900000,0x0000002e5da00000)]
  0x000001521f21d000 JavaThread "Unconstrained build operations Thread 28" [_thread_blocked, id=21556, stack(0x0000002e5da00000,0x0000002e5db00000)]
  0x000001521f218800 JavaThread "Unconstrained build operations Thread 29" [_thread_blocked, id=6820, stack(0x0000002e5db00000,0x0000002e5dc00000)]
  0x000001521f217800 JavaThread "Unconstrained build operations Thread 30" [_thread_blocked, id=9680, stack(0x0000002e5dc00000,0x0000002e5dd00000)]
  0x000001521f21e000 JavaThread "Unconstrained build operations Thread 31" [_thread_blocked, id=10252, stack(0x0000002e5dd00000,0x0000002e5de00000)]
  0x000001521f21f000 JavaThread "Unconstrained build operations Thread 32" [_thread_blocked, id=4400, stack(0x0000002e5de00000,0x0000002e5df00000)]
  0x000001521f219000 JavaThread "Unconstrained build operations Thread 33" [_thread_blocked, id=10032, stack(0x0000002e5df00000,0x0000002e5e000000)]
  0x000001521f225800 JavaThread "jar transforms Thread 8" [_thread_blocked, id=20988, stack(0x0000002e5e000000,0x0000002e5e100000)]
  0x000001521f221800 JavaThread "build event listener" [_thread_blocked, id=11340, stack(0x0000002e5e100000,0x0000002e5e200000)]
  0x000001521f224800 JavaThread "Memory manager" [_thread_blocked, id=12276, stack(0x0000002e5e200000,0x0000002e5e300000)]
  0x000001521f223000 JavaThread "Cache worker for Build Output Cleanup Cache (D:\MyRoomRN\myroom-rn\android\.gradle\buildOutputCleanup)" [_thread_blocked, id=5884, stack(0x0000002e5e300000,0x0000002e5e400000)]
  0x000001521f220800 JavaThread "included builds" [_thread_blocked, id=1660, stack(0x0000002e5e400000,0x0000002e5e500000)]
  0x000001521f224000 JavaThread "Execution worker" [_thread_blocked, id=3972, stack(0x0000002e5e500000,0x0000002e5e600000)]
  0x000001521f21f800 JavaThread "Execution worker Thread 2" [_thread_blocked, id=20328, stack(0x0000002e5e600000,0x0000002e5e700000)]
  0x000001521f222000 JavaThread "Execution worker Thread 3" [_thread_blocked, id=17780, stack(0x0000002e5e700000,0x0000002e5e800000)]
  0x000001522106b000 JavaThread "Execution worker Thread 4" [_thread_blocked, id=14188, stack(0x0000002e5e800000,0x0000002e5e900000)]
  0x000001522106b800 JavaThread "Execution worker Thread 5" [_thread_blocked, id=8260, stack(0x0000002e5e900000,0x0000002e5ea00000)]
  0x000001522106d800 JavaThread "Execution worker Thread 6" [_thread_blocked, id=13820, stack(0x0000002e5ea00000,0x0000002e5eb00000)]
  0x000001522106e000 JavaThread "Execution worker Thread 7" [_thread_blocked, id=18840, stack(0x0000002e5eb00000,0x0000002e5ec00000)]
  0x000001522106f000 JavaThread "Cache worker for execution history cache (D:\MyRoomRN\myroom-rn\node_modules\react-native-gradle-plugin\.gradle\7.5.1\executionHistory)" [_thread_blocked, id=18028, stack(0x0000002e5ec00000,0x0000002e5ed00000)]
  0x000001522106c800 JavaThread "Unconstrained build operations Thread 34" [_thread_blocked, id=14424, stack(0x0000002e5ed00000,0x0000002e5ee00000)]
  0x000001522106f800 JavaThread "Unconstrained build operations Thread 35" [_thread_blocked, id=22444, stack(0x0000002e5ee00000,0x0000002e5ef00000)]
  0x000001522106a000 JavaThread "Unconstrained build operations Thread 36" [_thread_blocked, id=6888, stack(0x0000002e5ef00000,0x0000002e5f000000)]
  0x0000015221076000 JavaThread "Unconstrained build operations Thread 37" [_thread_blocked, id=17664, stack(0x0000002e5f000000,0x0000002e5f100000)]
  0x0000015221070800 JavaThread "Unconstrained build operations Thread 38" [_thread_blocked, id=15108, stack(0x0000002e5f100000,0x0000002e5f200000)]
  0x0000015221077000 JavaThread "Unconstrained build operations Thread 39" [_thread_blocked, id=16064, stack(0x0000002e5f200000,0x0000002e5f300000)]
  0x0000015221074000 JavaThread "Unconstrained build operations Thread 40" [_thread_blocked, id=16092, stack(0x0000002e5f300000,0x0000002e5f400000)]
  0x0000015221074800 JavaThread "Unconstrained build operations Thread 41" [_thread_blocked, id=4288, stack(0x0000002e5f400000,0x0000002e5f500000)]
  0x0000015221072000 JavaThread "Unconstrained build operations Thread 42" [_thread_blocked, id=11056, stack(0x0000002e5f500000,0x0000002e5f600000)]
  0x0000015221071800 JavaThread "Unconstrained build operations Thread 43" [_thread_blocked, id=14860, stack(0x0000002e5f600000,0x0000002e5f700000)]
  0x0000015221073000 JavaThread "Unconstrained build operations Thread 44" [_thread_blocked, id=4468, stack(0x0000002e5f700000,0x0000002e5f800000)]
  0x0000015221075800 JavaThread "Unconstrained build operations Thread 45" [_thread_blocked, id=19152, stack(0x0000002e5f800000,0x0000002e5f900000)]
  0x0000015221078000 JavaThread "Unconstrained build operations Thread 46" [_thread_blocked, id=10588, stack(0x0000002e5f900000,0x0000002e5fa00000)]
  0x0000015221078800 JavaThread "Unconstrained build operations Thread 47" [_thread_blocked, id=20380, stack(0x0000002e5fa00000,0x0000002e5fb00000)]
  0x000001521cd00800 JavaThread "Unconstrained build operations Thread 48" [_thread_blocked, id=21756, stack(0x0000002e5fb00000,0x0000002e5fc00000)]
  0x000001521ccfe800 JavaThread "Unconstrained build operations Thread 49" [_thread_blocked, id=16392, stack(0x0000002e5fc00000,0x0000002e5fd00000)]
  0x000001521cd01000 JavaThread "Unconstrained build operations Thread 50" [_thread_blocked, id=8652, stack(0x0000002e5fd00000,0x0000002e5fe00000)]
  0x000001521cd03000 JavaThread "Unconstrained build operations Thread 51" [_thread_blocked, id=10040, stack(0x0000002e5fe00000,0x0000002e5ff00000)]
  0x000001521cd02000 JavaThread "Unconstrained build operations Thread 52" [_thread_blocked, id=13896, stack(0x0000002e5ff00000,0x0000002e60000000)]
  0x000001521ccfd000 JavaThread "Unconstrained build operations Thread 53" [_thread_blocked, id=18308, stack(0x0000002e60000000,0x0000002e60100000)]
  0x000001521ccff800 JavaThread "Unconstrained build operations Thread 54" [_thread_blocked, id=4004, stack(0x0000002e60100000,0x0000002e60200000)]
  0x000001521cd03800 JavaThread "Unconstrained build operations Thread 55" [_thread_blocked, id=22180, stack(0x0000002e60200000,0x0000002e60300000)]
  0x000001521ccfe000 JavaThread "Unconstrained build operations Thread 56" [_thread_blocked, id=16320, stack(0x0000002e60300000,0x0000002e60400000)]
  0x000001521cd09800 JavaThread "Unconstrained build operations Thread 57" [_thread_blocked, id=5020, stack(0x0000002e60400000,0x0000002e60500000)]
  0x000001521cd08800 JavaThread "Unconstrained build operations Thread 58" [_thread_blocked, id=19316, stack(0x0000002e60500000,0x0000002e60600000)]
  0x000001521cd0a000 JavaThread "Unconstrained build operations Thread 59" [_thread_blocked, id=4676, stack(0x0000002e60600000,0x0000002e60700000)]
  0x000001521cd07800 JavaThread "Unconstrained build operations Thread 60" [_thread_blocked, id=4928, stack(0x0000002e60700000,0x0000002e60800000)]
  0x000001521cd04800 JavaThread "Unconstrained build operations Thread 61" [_thread_blocked, id=14532, stack(0x0000002e60800000,0x0000002e60900000)]
  0x000001521cd07000 JavaThread "Unconstrained build operations Thread 62" [_thread_blocked, id=14216, stack(0x0000002e60900000,0x0000002e60a00000)]
  0x000001521cd0b000 JavaThread "Unconstrained build operations Thread 63" [_thread_blocked, id=10708, stack(0x0000002e60a00000,0x0000002e60b00000)]
  0x000001521cd05000 JavaThread "Unconstrained build operations Thread 64" [_thread_blocked, id=21084, stack(0x0000002e60b00000,0x0000002e60c00000)]
  0x000001521cd0b800 JavaThread "Unconstrained build operations Thread 65" [_thread_blocked, id=13780, stack(0x0000002e60c00000,0x0000002e60d00000)]
  0x000001521cd06000 JavaThread "Unconstrained build operations Thread 66" [_thread_blocked, id=21680, stack(0x0000002e60d00000,0x0000002e60e00000)]
  0x000001522165d800 JavaThread "Unconstrained build operations Thread 67" [_thread_blocked, id=11176, stack(0x0000002e60e00000,0x0000002e60f00000)]
  0x000001522165e000 JavaThread "Unconstrained build operations Thread 68" [_thread_blocked, id=20392, stack(0x0000002e60f00000,0x0000002e61000000)]
  0x0000015221660800 JavaThread "Unconstrained build operations Thread 69" [_thread_blocked, id=464, stack(0x0000002e61000000,0x0000002e61100000)]
  0x000001522165b800 JavaThread "Unconstrained build operations Thread 70" [_thread_blocked, id=21856, stack(0x0000002e61100000,0x0000002e61200000)]
  0x000001522165c800 JavaThread "Unconstrained build operations Thread 71" [_thread_blocked, id=16280, stack(0x0000002e61200000,0x0000002e61300000)]
  0x000001522165f000 JavaThread "Unconstrained build operations Thread 72" [_thread_blocked, id=16016, stack(0x0000002e61300000,0x0000002e61400000)]
  0x000001522165b000 JavaThread "Unconstrained build operations Thread 73" [_thread_blocked, id=12116, stack(0x0000002e61400000,0x0000002e61500000)]
  0x0000015221663000 JavaThread "Unconstrained build operations Thread 74" [_thread_blocked, id=3204, stack(0x0000002e61500000,0x0000002e61600000)]
  0x0000015221665800 JavaThread "Unconstrained build operations Thread 75" [_thread_blocked, id=9800, stack(0x0000002e61600000,0x0000002e61700000)]
  0x0000015221664800 JavaThread "Unconstrained build operations Thread 76" [_thread_blocked, id=5164, stack(0x0000002e61700000,0x0000002e61800000)]
  0x0000015221661800 JavaThread "Unconstrained build operations Thread 77" [_thread_blocked, id=5276, stack(0x0000002e61800000,0x0000002e61900000)]
  0x000001522165f800 JavaThread "Unconstrained build operations Thread 78" [_thread_blocked, id=15064, stack(0x0000002e61900000,0x0000002e61a00000)]
  0x0000015221664000 JavaThread "Unconstrained build operations Thread 79" [_thread_blocked, id=21596, stack(0x0000002e61a00000,0x0000002e61b00000)]
  0x0000015221666000 JavaThread "Unconstrained build operations Thread 80" [_thread_blocked, id=2024, stack(0x0000002e61b00000,0x0000002e61c00000)]

Other Threads:
  0x000001527f6fc800 VMThread "VM Thread" [stack: 0x0000002e58b00000,0x0000002e58c00000] [id=21692]
  0x000001521a8ab000 WatcherThread [stack: 0x0000002e59500000,0x0000002e59600000] [id=19496]
  0x000001527bcd1800 GCTaskThread "GC Thread#0" [stack: 0x0000002e58600000,0x0000002e58700000] [id=3724]
  0x000001521b2c6000 GCTaskThread "GC Thread#1" [stack: 0x0000002e59600000,0x0000002e59700000] [id=3216]
  0x000001521b24c000 GCTaskThread "GC Thread#2" [stack: 0x0000002e59700000,0x0000002e59800000] [id=7064]
  0x000001521b58b800 GCTaskThread "GC Thread#3" [stack: 0x0000002e5a300000,0x0000002e5a400000] [id=4152]
  0x000001521b555800 GCTaskThread "GC Thread#4" [stack: 0x0000002e5a400000,0x0000002e5a500000] [id=14456]
  0x000001521b332800 GCTaskThread "GC Thread#5" [stack: 0x0000002e5a500000,0x0000002e5a600000] [id=6408]
  0x000001521c570800 GCTaskThread "GC Thread#6" [stack: 0x0000002e5a600000,0x0000002e5a700000] [id=18224]
  0x000001521c565000 GCTaskThread "GC Thread#7" [stack: 0x0000002e5a700000,0x0000002e5a800000] [id=11276]
  0x000001527bd03000 ConcurrentGCThread "G1 Main Marker" [stack: 0x0000002e58700000,0x0000002e58800000] [id=13076]
  0x000001527bd04000 ConcurrentGCThread "G1 Conc#0" [stack: 0x0000002e58800000,0x0000002e58900000] [id=5768]
  0x000001521a9ba800 ConcurrentGCThread "G1 Conc#1" [stack: 0x0000002e5aa00000,0x0000002e5ab00000] [id=984]
  0x000001527f570800 ConcurrentGCThread "G1 Refine#0" [stack: 0x0000002e58900000,0x0000002e58a00000] [id=22280]
  0x000001527f571800 ConcurrentGCThread "G1 Young RemSet Sampling" [stack: 0x0000002e58a00000,0x0000002e58b00000] [id=2196]

Threads with active compile tasks:
C2 CompilerThread0  48355 8374 % !   4       java.util.jar.Attributes::read @ 155 (354 bytes)

VM state:not at safepoint (normal execution)

VM Mutex/Monitor currently owned by a thread: None

Heap address: 0x0000000080000000, size: 2048 MB, Compressed Oops mode: 32-bit
Narrow klass base: 0x0000000000000000, Narrow klass shift: 3
Compressed class space size: 528482304 Address: 0x0000000100000000

Heap:
 garbage-first heap   total 131072K, used 69274K [0x0000000080000000, 0x0000000100000000)
  region size 1024K, 4 young (4096K), 3 survivors (3072K)
 Metaspace       used 77411K, capacity 79662K, committed 79872K, reserved 585728K
  class space    used 10182K, capacity 11157K, committed 11264K, reserved 516096K
Heap Regions: E=young(eden), S=young(survivor), O=old, HS=humongous(starts), HC=humongous(continues), CS=collection set, F=free, A=archive, TAMS=top-at-mark-start (previous, next)
|   0|0x0000000080000000, 0x0000000080100000, 0x0000000080100000|100%| O|  |TAMS 0x0000000080100000, 0x0000000080100000| Untracked 
|   1|0x0000000080100000, 0x0000000080200000, 0x0000000080200000|100%| O|  |TAMS 0x0000000080200000, 0x0000000080200000| Untracked 
|   2|0x0000000080200000, 0x0000000080300000, 0x0000000080300000|100%| O|  |TAMS 0x0000000080300000, 0x0000000080300000| Untracked 
|   3|0x0000000080300000, 0x0000000080400000, 0x0000000080400000|100%|HS|  |TAMS 0x0000000080400000, 0x0000000080400000| Complete 
|   4|0x0000000080400000, 0x0000000080500000, 0x0000000080500000|100%|HC|  |TAMS 0x0000000080500000, 0x0000000080500000| Complete 
|   5|0x0000000080500000, 0x0000000080600000, 0x0000000080600000|100%|HC|  |TAMS 0x0000000080600000, 0x0000000080600000| Complete 
|   6|0x0000000080600000, 0x0000000080700000, 0x0000000080700000|100%| O|  |TAMS 0x0000000080700000, 0x0000000080700000| Untracked 
|   7|0x0000000080700000, 0x0000000080800000, 0x0000000080800000|100%| O|  |TAMS 0x0000000080800000, 0x0000000080800000| Untracked 
|   8|0x0000000080800000, 0x0000000080900000, 0x0000000080900000|100%| O|  |TAMS 0x0000000080900000, 0x0000000080900000| Untracked 
|   9|0x0000000080900000, 0x0000000080a00000, 0x0000000080a00000|100%| O|  |TAMS 0x0000000080a00000, 0x0000000080a00000| Untracked 
|  10|0x0000000080a00000, 0x0000000080b00000, 0x0000000080b00000|100%| O|  |TAMS 0x0000000080b00000, 0x0000000080b00000| Untracked 
|  11|0x0000000080b00000, 0x0000000080c00000, 0x0000000080c00000|100%| O|  |TAMS 0x0000000080c00000, 0x0000000080c00000| Untracked 
|  12|0x0000000080c00000, 0x0000000080d00000, 0x0000000080d00000|100%| O|  |TAMS 0x0000000080d00000, 0x0000000080d00000| Untracked 
|  13|0x0000000080d00000, 0x0000000080e00000, 0x0000000080e00000|100%| O|  |TAMS 0x0000000080e00000, 0x0000000080e00000| Untracked 
|  14|0x0000000080e00000, 0x0000000080f00000, 0x0000000080f00000|100%| O|  |TAMS 0x0000000080f00000, 0x0000000080f00000| Untracked 
|  15|0x0000000080f00000, 0x0000000081000000, 0x0000000081000000|100%| O|  |TAMS 0x0000000081000000, 0x0000000081000000| Untracked 
|  16|0x0000000081000000, 0x0000000081100000, 0x0000000081100000|100%|HS|  |TAMS 0x0000000081100000, 0x0000000081100000| Complete 
|  17|0x0000000081100000, 0x0000000081200000, 0x0000000081200000|100%| O|  |TAMS 0x0000000081200000, 0x0000000081200000| Untracked 
|  18|0x0000000081200000, 0x0000000081300000, 0x0000000081300000|100%| O|  |TAMS 0x0000000081300000, 0x0000000081300000| Untracked 
|  19|0x0000000081300000, 0x0000000081400000, 0x0000000081400000|100%| O|  |TAMS 0x0000000081400000, 0x0000000081400000| Untracked 
|  20|0x0000000081400000, 0x0000000081500000, 0x0000000081500000|100%| O|  |TAMS 0x0000000081500000, 0x0000000081500000| Untracked 
|  21|0x0000000081500000, 0x0000000081600000, 0x0000000081600000|100%| O|  |TAMS 0x0000000081600000, 0x0000000081600000| Untracked 
|  22|0x0000000081600000, 0x0000000081700000, 0x0000000081700000|100%| O|  |TAMS 0x0000000081700000, 0x0000000081700000| Untracked 
|  23|0x0000000081700000, 0x0000000081800000, 0x0000000081800000|100%| O|  |TAMS 0x0000000081800000, 0x0000000081800000| Untracked 
|  24|0x0000000081800000, 0x0000000081900000, 0x0000000081900000|100%| O|  |TAMS 0x0000000081900000, 0x0000000081900000| Untracked 
|  25|0x0000000081900000, 0x0000000081a00000, 0x0000000081a00000|100%| O|  |TAMS 0x0000000081a00000, 0x0000000081a00000| Untracked 
|  26|0x0000000081a00000, 0x0000000081b00000, 0x0000000081b00000|100%| O|  |TAMS 0x0000000081b00000, 0x0000000081b00000| Untracked 
|  27|0x0000000081b00000, 0x0000000081c00000, 0x0000000081c00000|100%| O|  |TAMS 0x0000000081c00000, 0x0000000081c00000| Untracked 
|  28|0x0000000081c00000, 0x0000000081d00000, 0x0000000081d00000|100%| O|  |TAMS 0x0000000081d00000, 0x0000000081d00000| Untracked 
|  29|0x0000000081d00000, 0x0000000081e00000, 0x0000000081e00000|100%|HS|  |TAMS 0x0000000081e00000, 0x0000000081e00000| Complete 
|  30|0x0000000081e00000, 0x0000000081f00000, 0x0000000081f00000|100%|HC|  |TAMS 0x0000000081f00000, 0x0000000081f00000| Complete 
|  31|0x0000000081f00000, 0x0000000082000000, 0x0000000082000000|100%|HC|  |TAMS 0x0000000082000000, 0x0000000082000000| Complete 
|  32|0x0000000082000000, 0x0000000082100000, 0x0000000082100000|100%| O|  |TAMS 0x0000000082100000, 0x0000000082100000| Untracked 
|  33|0x0000000082100000, 0x0000000082200000, 0x0000000082200000|100%| O|  |TAMS 0x0000000082200000, 0x0000000082200000| Untracked 
|  34|0x0000000082200000, 0x0000000082300000, 0x0000000082300000|100%| O|  |TAMS 0x0000000082300000, 0x0000000082300000| Untracked 
|  35|0x0000000082300000, 0x0000000082400000, 0x0000000082400000|100%| O|  |TAMS 0x0000000082400000, 0x0000000082400000| Untracked 
|  36|0x0000000082400000, 0x0000000082500000, 0x0000000082500000|100%| O|  |TAMS 0x0000000082500000, 0x0000000082500000| Untracked 
|  37|0x0000000082500000, 0x0000000082600000, 0x0000000082600000|100%| O|  |TAMS 0x0000000082600000, 0x0000000082600000| Untracked 
|  38|0x0000000082600000, 0x0000000082700000, 0x0000000082700000|100%| O|  |TAMS 0x0000000082700000, 0x0000000082700000| Untracked 
|  39|0x0000000082700000, 0x0000000082800000, 0x0000000082800000|100%| O|  |TAMS 0x0000000082800000, 0x0000000082800000| Untracked 
|  40|0x0000000082800000, 0x0000000082900000, 0x0000000082900000|100%| O|  |TAMS 0x0000000082900000, 0x0000000082900000| Untracked 
|  41|0x0000000082900000, 0x0000000082a00000, 0x0000000082a00000|100%| O|  |TAMS 0x0000000082979600, 0x0000000082a00000| Untracked 
|  42|0x0000000082a00000, 0x0000000082b00000, 0x0000000082b00000|100%| O|  |TAMS 0x0000000082a00000, 0x0000000082b00000| Untracked 
|  43|0x0000000082b00000, 0x0000000082c00000, 0x0000000082c00000|100%| O|  |TAMS 0x0000000082b00000, 0x0000000082c00000| Untracked 
|  44|0x0000000082c00000, 0x0000000082d00000, 0x0000000082d00000|100%| O|  |TAMS 0x0000000082c00000, 0x0000000082d00000| Untracked 
|  45|0x0000000082d00000, 0x0000000082e00000, 0x0000000082e00000|100%| O|  |TAMS 0x0000000082d00000, 0x0000000082e00000| Untracked 
|  46|0x0000000082e00000, 0x0000000082f00000, 0x0000000082f00000|100%|HS|  |TAMS 0x0000000082e00000, 0x0000000082f00000| Complete 
|  47|0x0000000082f00000, 0x0000000083000000, 0x0000000083000000|100%|HS|  |TAMS 0x0000000082f00000, 0x0000000083000000| Complete 
|  48|0x0000000083000000, 0x0000000083100000, 0x0000000083100000|100%|HS|  |TAMS 0x0000000083000000, 0x0000000083100000| Complete 
|  49|0x0000000083100000, 0x0000000083200000, 0x0000000083200000|100%|HC|  |TAMS 0x0000000083100000, 0x0000000083200000| Complete 
|  50|0x0000000083200000, 0x0000000083300000, 0x0000000083300000|100%| O|  |TAMS 0x0000000083200000, 0x0000000083300000| Untracked 
|  51|0x0000000083300000, 0x0000000083400000, 0x0000000083400000|100%| O|  |TAMS 0x0000000083300000, 0x0000000083400000| Untracked 
|  52|0x0000000083400000, 0x0000000083500000, 0x0000000083500000|100%| O|  |TAMS 0x0000000083400000, 0x0000000083500000| Untracked 
|  53|0x0000000083500000, 0x0000000083600000, 0x0000000083600000|100%| O|  |TAMS 0x0000000083500000, 0x0000000083600000| Untracked 
|  54|0x0000000083600000, 0x0000000083700000, 0x0000000083700000|100%| O|  |TAMS 0x0000000083600000, 0x0000000083700000| Untracked 
|  55|0x0000000083700000, 0x0000000083800000, 0x0000000083800000|100%| O|  |TAMS 0x0000000083700000, 0x0000000083800000| Untracked 
|  56|0x0000000083800000, 0x0000000083900000, 0x0000000083900000|100%| O|  |TAMS 0x0000000083800000, 0x0000000083900000| Untracked 
|  57|0x0000000083900000, 0x0000000083a00000, 0x0000000083a00000|100%| O|  |TAMS 0x0000000083900000, 0x0000000083a00000| Untracked 
|  58|0x0000000083a00000, 0x0000000083b00000, 0x0000000083b00000|100%| O|  |TAMS 0x0000000083a00000, 0x0000000083b00000| Untracked 
|  59|0x0000000083b00000, 0x0000000083c00000, 0x0000000083c00000|100%| O|  |TAMS 0x0000000083b00000, 0x0000000083c00000| Untracked 
|  60|0x0000000083c00000, 0x0000000083d00000, 0x0000000083d00000|100%| O|  |TAMS 0x0000000083c00000, 0x0000000083d00000| Untracked 
|  61|0x0000000083d00000, 0x0000000083e00000, 0x0000000083e00000|100%| O|  |TAMS 0x0000000083d00000, 0x0000000083e00000| Untracked 
|  62|0x0000000083e00000, 0x0000000083f00000, 0x0000000083f00000|100%| O|  |TAMS 0x0000000083e00000, 0x0000000083f00000| Untracked 
|  63|0x0000000083f00000, 0x0000000083f00000, 0x0000000084000000|  0%| F|  |TAMS 0x0000000083f00000, 0x0000000083f00000| Untracked 
|  64|0x0000000084000000, 0x0000000084100000, 0x0000000084100000|100%| O|  |TAMS 0x0000000084000000, 0x0000000084100000| Untracked 
|  65|0x0000000084100000, 0x00000000841a6800, 0x0000000084200000| 65%| O|  |TAMS 0x0000000084100000, 0x00000000841a6800| Untracked 
|  66|0x0000000084200000, 0x0000000084200000, 0x0000000084300000|  0%| F|  |TAMS 0x0000000084200000, 0x0000000084200000| Untracked 
|  67|0x0000000084300000, 0x0000000084300000, 0x0000000084400000|  0%| F|  |TAMS 0x0000000084300000, 0x0000000084300000| Untracked 
|  68|0x0000000084400000, 0x0000000084400000, 0x0000000084500000|  0%| F|  |TAMS 0x0000000084400000, 0x0000000084400000| Untracked 
|  69|0x0000000084500000, 0x0000000084500000, 0x0000000084600000|  0%| F|  |TAMS 0x0000000084500000, 0x0000000084500000| Untracked 
|  70|0x0000000084600000, 0x0000000084600000, 0x0000000084700000|  0%| F|  |TAMS 0x0000000084600000, 0x0000000084600000| Untracked 
|  71|0x0000000084700000, 0x0000000084700000, 0x0000000084800000|  0%| F|  |TAMS 0x0000000084700000, 0x0000000084700000| Untracked 
|  72|0x0000000084800000, 0x0000000084800000, 0x0000000084900000|  0%| F|  |TAMS 0x0000000084800000, 0x0000000084800000| Untracked 
|  73|0x0000000084900000, 0x0000000084900000, 0x0000000084a00000|  0%| F|  |TAMS 0x0000000084900000, 0x0000000084900000| Untracked 
|  74|0x0000000084a00000, 0x0000000084a00000, 0x0000000084b00000|  0%| F|  |TAMS 0x0000000084a00000, 0x0000000084a00000| Untracked 
|  75|0x0000000084b00000, 0x0000000084b00000, 0x0000000084c00000|  0%| F|  |TAMS 0x0000000084b00000, 0x0000000084b00000| Untracked 
|  76|0x0000000084c00000, 0x0000000084c00000, 0x0000000084d00000|  0%| F|  |TAMS 0x0000000084c00000, 0x0000000084c00000| Untracked 
|  77|0x0000000084d00000, 0x0000000084d00000, 0x0000000084e00000|  0%| F|  |TAMS 0x0000000084d00000, 0x0000000084d00000| Untracked 
|  78|0x0000000084e00000, 0x0000000084e00000, 0x0000000084f00000|  0%| F|  |TAMS 0x0000000084e00000, 0x0000000084e00000| Untracked 
|  79|0x0000000084f00000, 0x0000000084f00000, 0x0000000085000000|  0%| F|  |TAMS 0x0000000084f00000, 0x0000000084f00000| Untracked 
|  80|0x0000000085000000, 0x0000000085000000, 0x0000000085100000|  0%| F|  |TAMS 0x0000000085000000, 0x0000000085000000| Untracked 
|  81|0x0000000085100000, 0x0000000085100000, 0x0000000085200000|  0%| F|  |TAMS 0x0000000085100000, 0x0000000085100000| Untracked 
|  82|0x0000000085200000, 0x0000000085200000, 0x0000000085300000|  0%| F|  |TAMS 0x0000000085200000, 0x0000000085200000| Untracked 
|  83|0x0000000085300000, 0x0000000085300000, 0x0000000085400000|  0%| F|  |TAMS 0x0000000085300000, 0x0000000085300000| Untracked 
|  84|0x0000000085400000, 0x0000000085400000, 0x0000000085500000|  0%| F|  |TAMS 0x0000000085400000, 0x0000000085400000| Untracked 
|  85|0x0000000085500000, 0x0000000085500000, 0x0000000085600000|  0%| F|  |TAMS 0x0000000085500000, 0x0000000085500000| Untracked 
|  86|0x0000000085600000, 0x0000000085600000, 0x0000000085700000|  0%| F|  |TAMS 0x0000000085600000, 0x0000000085600000| Untracked 
|  87|0x0000000085700000, 0x0000000085800000, 0x0000000085800000|100%| S|CS|TAMS 0x0000000085700000, 0x0000000085700000| Complete 
|  88|0x0000000085800000, 0x0000000085900000, 0x0000000085900000|100%| S|CS|TAMS 0x0000000085800000, 0x0000000085800000| Complete 
|  89|0x0000000085900000, 0x0000000085a00000, 0x0000000085a00000|100%| S|CS|TAMS 0x0000000085900000, 0x0000000085900000| Complete 
|  90|0x0000000085a00000, 0x0000000085a00000, 0x0000000085b00000|  0%| F|  |TAMS 0x0000000085a00000, 0x0000000085a00000| Untracked 
|  91|0x0000000085b00000, 0x0000000085b00000, 0x0000000085c00000|  0%| F|  |TAMS 0x0000000085b00000, 0x0000000085b00000| Untracked 
|  92|0x0000000085c00000, 0x0000000085c00000, 0x0000000085d00000|  0%| F|  |TAMS 0x0000000085c00000, 0x0000000085c00000| Untracked 
|  93|0x0000000085d00000, 0x0000000085d00000, 0x0000000085e00000|  0%| F|  |TAMS 0x0000000085d00000, 0x0000000085d00000| Untracked 
|  94|0x0000000085e00000, 0x0000000085e00000, 0x0000000085f00000|  0%| F|  |TAMS 0x0000000085e00000, 0x0000000085e00000| Untracked 
|  95|0x0000000085f00000, 0x0000000085f00000, 0x0000000086000000|  0%| F|  |TAMS 0x0000000085f00000, 0x0000000085f00000| Untracked 
|  96|0x0000000086000000, 0x0000000086000000, 0x0000000086100000|  0%| F|  |TAMS 0x0000000086000000, 0x0000000086000000| Untracked 
|  97|0x0000000086100000, 0x0000000086100000, 0x0000000086200000|  0%| F|  |TAMS 0x0000000086100000, 0x0000000086100000| Untracked 
|  98|0x0000000086200000, 0x0000000086200000, 0x0000000086300000|  0%| F|  |TAMS 0x0000000086200000, 0x0000000086200000| Untracked 
|  99|0x0000000086300000, 0x0000000086300000, 0x0000000086400000|  0%| F|  |TAMS 0x0000000086300000, 0x0000000086300000| Untracked 
| 100|0x0000000086400000, 0x0000000086400000, 0x0000000086500000|  0%| F|  |TAMS 0x0000000086400000, 0x0000000086400000| Untracked 
| 101|0x0000000086500000, 0x0000000086500000, 0x0000000086600000|  0%| F|  |TAMS 0x0000000086500000, 0x0000000086500000| Untracked 
| 102|0x0000000086600000, 0x0000000086600000, 0x0000000086700000|  0%| F|  |TAMS 0x0000000086600000, 0x0000000086600000| Untracked 
| 103|0x0000000086700000, 0x0000000086700000, 0x0000000086800000|  0%| F|  |TAMS 0x0000000086700000, 0x0000000086700000| Untracked 
| 104|0x0000000086800000, 0x0000000086800000, 0x0000000086900000|  0%| F|  |TAMS 0x0000000086800000, 0x0000000086800000| Untracked 
| 105|0x0000000086900000, 0x0000000086900000, 0x0000000086a00000|  0%| F|  |TAMS 0x0000000086900000, 0x0000000086900000| Untracked 
| 106|0x0000000086a00000, 0x0000000086a00000, 0x0000000086b00000|  0%| F|  |TAMS 0x0000000086a00000, 0x0000000086a00000| Untracked 
| 107|0x0000000086b00000, 0x0000000086b00000, 0x0000000086c00000|  0%| F|  |TAMS 0x0000000086b00000, 0x0000000086b00000| Untracked 
| 108|0x0000000086c00000, 0x0000000086c00000, 0x0000000086d00000|  0%| F|  |TAMS 0x0000000086c00000, 0x0000000086c00000| Untracked 
| 109|0x0000000086d00000, 0x0000000086d00000, 0x0000000086e00000|  0%| F|  |TAMS 0x0000000086d00000, 0x0000000086d00000| Untracked 
| 110|0x0000000086e00000, 0x0000000086e00000, 0x0000000086f00000|  0%| F|  |TAMS 0x0000000086e00000, 0x0000000086e00000| Untracked 
| 111|0x0000000086f00000, 0x0000000086f00000, 0x0000000087000000|  0%| F|  |TAMS 0x0000000086f00000, 0x0000000086f00000| Untracked 
| 112|0x0000000087000000, 0x0000000087000000, 0x0000000087100000|  0%| F|  |TAMS 0x0000000087000000, 0x0000000087000000| Untracked 
| 113|0x0000000087100000, 0x0000000087100000, 0x0000000087200000|  0%| F|  |TAMS 0x0000000087100000, 0x0000000087100000| Untracked 
| 114|0x0000000087200000, 0x0000000087200000, 0x0000000087300000|  0%| F|  |TAMS 0x0000000087200000, 0x0000000087200000| Untracked 
| 115|0x0000000087300000, 0x0000000087300000, 0x0000000087400000|  0%| F|  |TAMS 0x0000000087300000, 0x0000000087300000| Untracked 
| 116|0x0000000087400000, 0x0000000087400000, 0x0000000087500000|  0%| F|  |TAMS 0x0000000087400000, 0x0000000087400000| Untracked 
| 117|0x0000000087500000, 0x0000000087500000, 0x0000000087600000|  0%| F|  |TAMS 0x0000000087500000, 0x0000000087500000| Untracked 
| 118|0x0000000087600000, 0x0000000087600000, 0x0000000087700000|  0%| F|  |TAMS 0x0000000087600000, 0x0000000087600000| Untracked 
| 119|0x0000000087700000, 0x0000000087700000, 0x0000000087800000|  0%| F|  |TAMS 0x0000000087700000, 0x0000000087700000| Untracked 
| 120|0x0000000087800000, 0x0000000087800000, 0x0000000087900000|  0%| F|  |TAMS 0x0000000087800000, 0x0000000087800000| Untracked 
| 121|0x0000000087900000, 0x0000000087900000, 0x0000000087a00000|  0%| F|  |TAMS 0x0000000087900000, 0x0000000087900000| Untracked 
| 122|0x0000000087a00000, 0x0000000087a00000, 0x0000000087b00000|  0%| F|  |TAMS 0x0000000087a00000, 0x0000000087a00000| Untracked 
| 123|0x0000000087b00000, 0x0000000087b00000, 0x0000000087c00000|  0%| F|  |TAMS 0x0000000087b00000, 0x0000000087b00000| Untracked 
| 124|0x0000000087c00000, 0x0000000087c00000, 0x0000000087d00000|  0%| F|  |TAMS 0x0000000087c00000, 0x0000000087c00000| Untracked 
| 125|0x0000000087d00000, 0x0000000087d00000, 0x0000000087e00000|  0%| F|  |TAMS 0x0000000087d00000, 0x0000000087d00000| Untracked 
| 126|0x0000000087e00000, 0x0000000087e02010, 0x0000000087f00000|  0%| E|  |TAMS 0x0000000087e00000, 0x0000000087e00000| Complete 
| 127|0x0000000087f00000, 0x0000000088000000, 0x0000000088000000|100%| E|CS|TAMS 0x0000000087f00000, 0x0000000087f00000| Complete 

Card table byte_map: [0x000001527c4d0000,0x000001527c8d0000] _byte_map_base: 0x000001527c0d0000

Marking Bits (Prev, Next): (CMBitMap*) 0x000001527bcfa210, (CMBitMap*) 0x000001527bcfa1d8
 Prev Bits: [0x00000152165d0000, 0x00000152185d0000)
 Next Bits: [0x000001527ccd0000, 0x000001527ecd0000)

Polling page: 0x0000015279c90000

Metaspace:

Usage:
  Non-class:     66.90 MB capacity,    65.65 MB ( 98%) used,     1.02 MB (  2%) free+waste,   234.38 KB ( <1%) overhead. 
      Class:     10.90 MB capacity,     9.94 MB ( 91%) used,   860.07 KB (  8%) free+waste,   114.75 KB (  1%) overhead. 
       Both:     77.79 MB capacity,    75.60 MB ( 97%) used,     1.86 MB (  2%) free+waste,   349.13 KB ( <1%) overhead. 

Virtual space:
  Non-class space:       68.00 MB reserved,      67.00 MB ( 99%) committed 
      Class space:      504.00 MB reserved,      11.00 MB (  2%) committed 
             Both:      572.00 MB reserved,      78.00 MB ( 14%) committed 

Chunk freelists:
   Non-Class:  4.88 KB
       Class:  1.38 KB
        Both:  6.25 KB

CodeHeap 'non-profiled nmethods': size=120000Kb used=3592Kb max_used=3592Kb free=116407Kb
 bounds [0x000001520f0a0000, 0x000001520f430000, 0x00000152165d0000]
CodeHeap 'profiled nmethods': size=120000Kb used=16543Kb max_used=16543Kb free=103456Kb
 bounds [0x0000015207b70000, 0x0000015208ba0000, 0x000001520f0a0000]
CodeHeap 'non-nmethods': size=5760Kb used=2288Kb max_used=2322Kb free=3471Kb
 bounds [0x00000152075d0000, 0x0000015207840000, 0x0000015207b70000]
 total_blobs=9141 nmethods=8250 adapters=802
 compilation: enabled
              stopped_count=0, restarted_count=0
 full_count=0

Compilation events (10 events):
Event: 48.184 Thread 0x000001527f733000 nmethod 8425 0x0000015208b82a10 code [0x0000015208b82be0, 0x0000015208b83048]
Event: 48.184 Thread 0x000001527f733000 8422       3       jdk.internal.misc.Unsafe::getCharUnaligned (34 bytes)
Event: 48.185 Thread 0x000001527f733000 nmethod 8422 0x0000015208b83210 code [0x0000015208b833e0, 0x0000015208b83778]
Event: 48.188 Thread 0x000001527f733000 8430       3       java.lang.CharacterDataLatin1::isWhitespace (23 bytes)
Event: 48.188 Thread 0x000001527f733000 nmethod 8430 0x0000015208b83910 code [0x0000015208b83ac0, 0x0000015208b83cb8]
Event: 48.200 Thread 0x000001527f733000 8431       3       java.math.MutableBigInteger::mulsub (110 bytes)
Event: 48.201 Thread 0x000001527f733000 nmethod 8431 0x0000015208b83e10 code [0x0000015208b83fc0, 0x0000015208b84298]
Event: 48.202 Thread 0x000001527f733000 8432       3       java.math.BigInteger::implMulAdd (81 bytes)
Event: 48.202 Thread 0x000001527f733000 nmethod 8432 0x0000015208b84410 code [0x0000015208b845c0, 0x0000015208b847f8]
Event: 48.202 Thread 0x000001527f733000 8433       3       java.math.BigInteger::mulAdd (19 bytes)

GC Heap History (10 events):
Event: 39.797 GC heap before
{Heap before GC invocations=11 (full 0):
 garbage-first heap   total 131072K, used 90916K [0x0000000080000000, 0x0000000100000000)
  region size 1024K, 56 young (57344K), 8 survivors (8192K)
 Metaspace       used 58190K, capacity 59840K, committed 59904K, reserved 569344K
  class space    used 7728K, capacity 8415K, committed 8448K, reserved 516096K
}
Event: 39.812 GC heap after
{Heap after GC invocations=12 (full 0):
 garbage-first heap   total 131072K, used 44650K [0x0000000080000000, 0x0000000100000000)
  region size 1024K, 3 young (3072K), 3 survivors (3072K)
 Metaspace       used 58190K, capacity 59840K, committed 59904K, reserved 569344K
  class space    used 7728K, capacity 8415K, committed 8448K, reserved 516096K
}
Event: 41.188 GC heap before
{Heap before GC invocations=13 (full 0):
 garbage-first heap   total 131072K, used 101994K [0x0000000080000000, 0x0000000100000000)
  region size 1024K, 60 young (61440K), 3 survivors (3072K)
 Metaspace       used 62129K, capacity 63864K, committed 64000K, reserved 571392K
  class space    used 8232K, capacity 8956K, committed 8960K, reserved 516096K
}
Event: 41.198 GC heap after
{Heap after GC invocations=14 (full 0):
 garbage-first heap   total 131072K, used 46119K [0x0000000080000000, 0x0000000100000000)
  region size 1024K, 4 young (4096K), 4 survivors (4096K)
 Metaspace       used 62129K, capacity 63864K, committed 64000K, reserved 571392K
  class space    used 8232K, capacity 8956K, committed 8960K, reserved 516096K
}
Event: 42.878 GC heap before
{Heap before GC invocations=14 (full 0):
 garbage-first heap   total 131072K, used 105511K [0x0000000080000000, 0x0000000100000000)
  region size 1024K, 62 young (63488K), 4 survivors (4096K)
 Metaspace       used 65349K, capacity 67274K, committed 67456K, reserved 575488K
  class space    used 8689K, capacity 9485K, committed 9600K, reserved 516096K
}
Event: 42.893 GC heap after
{Heap after GC invocations=15 (full 0):
 garbage-first heap   total 131072K, used 49800K [0x0000000080000000, 0x0000000100000000)
  region size 1024K, 8 young (8192K), 8 survivors (8192K)
 Metaspace       used 65349K, capacity 67274K, committed 67456K, reserved 575488K
  class space    used 8689K, capacity 9485K, committed 9600K, reserved 516096K
}
Event: 44.472 GC heap before
{Heap before GC invocations=15 (full 0):
 garbage-first heap   total 131072K, used 105096K [0x0000000080000000, 0x0000000100000000)
  region size 1024K, 63 young (64512K), 8 survivors (8192K)
 Metaspace       used 69257K, capacity 71324K, committed 71552K, reserved 577536K
  class space    used 9230K, capacity 10103K, committed 10112K, reserved 516096K
}
Event: 44.491 GC heap after
{Heap after GC invocations=16 (full 0):
 garbage-first heap   total 131072K, used 54338K [0x0000000080000000, 0x0000000100000000)
  region size 1024K, 8 young (8192K), 8 survivors (8192K)
 Metaspace       used 69257K, capacity 71324K, committed 71552K, reserved 577536K
  class space    used 9230K, capacity 10103K, committed 10112K, reserved 516096K
}
Event: 46.207 GC heap before
{Heap before GC invocations=16 (full 0):
 garbage-first heap   total 131072K, used 108610K [0x0000000080000000, 0x0000000100000000)
  region size 1024K, 58 young (59392K), 8 survivors (8192K)
 Metaspace       used 71622K, capacity 73970K, committed 74112K, reserved 579584K
  class space    used 9540K, capacity 10523K, committed 10624K, reserved 516096K
}
Event: 46.223 GC heap after
{Heap after GC invocations=17 (full 0):
 garbage-first heap   total 131072K, used 66629K [0x0000000080000000, 0x0000000100000000)
  region size 1024K, 8 young (8192K), 8 survivors (8192K)
 Metaspace       used 71622K, capacity 73970K, committed 74112K, reserved 579584K
  class space    used 9540K, capacity 10523K, committed 10624K, reserved 516096K
}

Deoptimization events (10 events):
Event: 46.391 Thread 0x000001521b53c800 Uncommon trap: reason=class_check action=maybe_recompile pc=0x000001520f2195f8 method=java.io.BufferedInputStream.read1([BII)I @ 39 c2
Event: 48.013 Thread 0x000001521b53c800 Uncommon trap: reason=unstable_if action=reinterpret pc=0x000001520f394998 method=java.util.jar.JarFile.maybeInstantiateVerifier()V @ 4 c2
Event: 48.019 Thread 0x000001521b53c800 Uncommon trap: reason=unstable_if action=reinterpret pc=0x000001520f173980 method=java.util.jar.JarFile.maybeInstantiateVerifier()V @ 91 c2
Event: 48.035 Thread 0x000001521b53c800 Uncommon trap: reason=unstable_if action=reinterpret pc=0x000001520f365278 method=java.lang.ThreadLocal.get()Ljava/lang/Object; @ 11 c2
Event: 48.169 Thread 0x000001521b53c800 Uncommon trap: reason=unstable_if action=reinterpret pc=0x000001520f1def48 method=java.util.Arrays.hashCode([B)I @ 1 c2
Event: 48.169 Thread 0x000001521b53c800 Uncommon trap: reason=bimorphic_or_optimized_type_check action=maybe_recompile pc=0x000001520f314ef0 method=java.security.MessageDigest$Delegate.engineUpdate([BII)V @ 7 c2
Event: 48.169 Thread 0x000001521b53c800 Uncommon trap: reason=unstable_if action=reinterpret pc=0x000001520f2fa444 method=java.lang.StringLatin1.regionMatchesCI([BI[BII)Z @ 66 c2
Event: 48.170 Thread 0x000001521b53c800 Uncommon trap: reason=unstable_if action=reinterpret pc=0x000001520f13eb80 method=java.lang.CharacterDataLatin1.isWhitespace(I)Z @ 14 c2
Event: 48.186 Thread 0x000001521b53c800 Uncommon trap: reason=unstable_if action=reinterpret pc=0x000001520f2ede64 method=java.lang.StringUTF16.compress([CII)[B @ 13 c2
Event: 48.200 Thread 0x000001521b53c800 Uncommon trap: reason=bimorphic_or_optimized_type_check action=maybe_recompile pc=0x000001520f314ef0 method=java.security.MessageDigest$Delegate.engineUpdate([BII)V @ 7 c2

Classes redefined (0 events):
No events

Internal exceptions (10 events):
Event: 45.579 Thread 0x000001521b53c800 Exception <a 'java/lang/ClassNotFoundException'{0x0000000086314fd8}: org/gradle/api/internal/artifacts/repositories/DefaultMavenArtifactRepositoryCustomizer> (0x0000000086314fd8) thrown at [./open/src/hotspot/share/classfile/systemDictionary.cpp, line 226
Event: 45.583 Thread 0x000001521b53c800 Exception <a 'java/lang/ClassNotFoundException'{0x000000008638a258}: org/gradle/api/internal/artifacts/repositories/DefaultMavenArtifactRepository_DecoratedCustomizer> (0x000000008638a258) thrown at [./open/src/hotspot/share/classfile/systemDictionary.cpp
Event: 45.605 Thread 0x000001521b53c800 Exception <a 'java/lang/ClassNotFoundException'{0x00000000862c2308}: org/gradle/api/internal/artifacts/repositories/DefaultMavenRepositoryContentDescriptorBeanInfo> (0x00000000862c2308) thrown at [./open/src/hotspot/share/classfile/systemDictionary.cpp, l
Event: 45.608 Thread 0x000001521b53c800 Exception <a 'java/lang/ClassNotFoundException'{0x000000008611e508}: org/gradle/api/internal/artifacts/repositories/DefaultRepositoryContentDescriptorBeanInfo> (0x000000008611e508) thrown at [./open/src/hotspot/share/classfile/systemDictionary.cpp, line 2
Event: 45.610 Thread 0x000001521b53c800 Exception <a 'java/lang/ClassNotFoundException'{0x000000008617ced0}: org/gradle/api/internal/artifacts/repositories/DefaultRepositoryContentDescriptorCustomizer> (0x000000008617ced0) thrown at [./open/src/hotspot/share/classfile/systemDictionary.cpp, line
Event: 45.613 Thread 0x000001521b53c800 Exception <a 'java/lang/ClassNotFoundException'{0x00000000861e9ab0}: org/gradle/api/internal/artifacts/repositories/DefaultMavenRepositoryContentDescriptorCustomizer> (0x00000000861e9ab0) thrown at [./open/src/hotspot/share/classfile/systemDictionary.cpp,
Event: 45.720 Thread 0x000001521b53c800 Exception <a 'java/lang/ClassNotFoundException'{0x0000000085fefe08}: build_1dj1wu6q6seshek7nxfoybgcsBeanInfo> (0x0000000085fefe08) thrown at [./open/src/hotspot/share/classfile/systemDictionary.cpp, line 226]
Event: 45.721 Thread 0x000001521b53c800 Exception <a 'java/lang/ClassNotFoundException'{0x0000000085ffc7c8}: build_1dj1wu6q6seshek7nxfoybgcsCustomizer> (0x0000000085ffc7c8) thrown at [./open/src/hotspot/share/classfile/systemDictionary.cpp, line 226]
Event: 48.035 Thread 0x000001521b53c800 Implicit null exception at 0x000001520f364851 to 0x000001520f365268
Event: 48.169 Thread 0x000001521b53c800 Implicit null exception at 0x000001520f1ded8c to 0x000001520f1def3a

Events (10 events):
Event: 48.198 loading class sun/security/rsa/RSAPrivateCrtKeyImpl done
Event: 48.198 loading class sun/security/rsa/RSAUtil$1
Event: 48.198 loading class sun/security/rsa/RSAUtil$1 done
Event: 48.198 loading class sun/security/rsa/RSACore
Event: 48.199 loading class sun/security/rsa/RSACore done
Event: 48.199 loading class sun/security/rsa/RSAPadding
Event: 48.199 loading class sun/security/rsa/RSAPadding done
Event: 48.199 Thread 0x000001521b53c800 Uncommon trap: trap_request=0xffffffc6 fr.pc=0x000001520f314ef0 relative=0x0000000000000a50
Event: 48.200 Thread 0x000001521b53c800 DEOPT PACKING pc=0x000001520f314ef0 sp=0x0000002e59ef3610
Event: 48.200 Thread 0x000001521b53c800 DEOPT UNPACKING pc=0x00000152075f662f sp=0x0000002e59ef35d8 mode 2


Dynamic libraries:
0x00007ff71ac40000 - 0x00007ff71ac4f000 	C:\Program Files\Java\jdk-11.0.15\bin\java.exe
0x00007ffa65290000 - 0x00007ffa654a4000 	C:\WINDOWS\SYSTEM32\ntdll.dll
0x00007ffa63a80000 - 0x00007ffa63b43000 	C:\WINDOWS\System32\KERNEL32.DLL
0x00007ffa62d00000 - 0x00007ffa6309c000 	C:\WINDOWS\System32\KERNELBASE.dll
0x00007ffa62950000 - 0x00007ffa62a61000 	C:\WINDOWS\System32\ucrtbase.dll
0x00007ffa532a0000 - 0x00007ffa532b8000 	C:\Program Files\Java\jdk-11.0.15\bin\jli.dll
0x00007ffa536e0000 - 0x00007ffa536f5000 	C:\Program Files\Java\jdk-11.0.15\bin\VCRUNTIME140.dll
0x00007ffa64a90000 - 0x00007ffa64b3e000 	C:\WINDOWS\System32\ADVAPI32.dll
0x00007ffa64d10000 - 0x00007ffa64db7000 	C:\WINDOWS\System32\msvcrt.dll
0x00007ffa639d0000 - 0x00007ffa63a74000 	C:\WINDOWS\System32\sechost.dll
0x00007ffa64830000 - 0x00007ffa64945000 	C:\WINDOWS\System32\RPCRT4.dll
0x00007ffa64560000 - 0x00007ffa6470d000 	C:\WINDOWS\System32\USER32.dll
0x00007ffa515a0000 - 0x00007ffa5182e000 	C:\WINDOWS\WinSxS\amd64_microsoft.windows.common-controls_6595b64144ccf1df_6.0.22621.608_none_a9444ca7c10bb01d\COMCTL32.dll
0x00007ffa62920000 - 0x00007ffa62946000 	C:\WINDOWS\System32\win32u.dll
0x00007ffa63b90000 - 0x00007ffa63bb9000 	C:\WINDOWS\System32\GDI32.dll
0x00007ffa62a70000 - 0x00007ffa62b83000 	C:\WINDOWS\System32\gdi32full.dll
0x00007ffa5cbf0000 - 0x00007ffa5cbfa000 	C:\WINDOWS\SYSTEM32\VERSION.dll
0x00007ffa62880000 - 0x00007ffa6291a000 	C:\WINDOWS\System32\msvcp_win.dll
0x00007ffa63b50000 - 0x00007ffa63b81000 	C:\WINDOWS\System32\IMM32.DLL
0x00007ffa2b8d0000 - 0x00007ffa2b96b000 	C:\Program Files\Java\jdk-11.0.15\bin\msvcp140.dll
0x00007ffa233f0000 - 0x00007ffa23f06000 	C:\Program Files\Java\jdk-11.0.15\bin\server\jvm.dll
0x00007ffa64950000 - 0x00007ffa64958000 	C:\WINDOWS\System32\PSAPI.DLL
0x00007ffa5c010000 - 0x00007ffa5c044000 	C:\WINDOWS\SYSTEM32\WINMM.dll
0x00007ffa5d700000 - 0x00007ffa5d709000 	C:\WINDOWS\SYSTEM32\WSOCK32.dll
0x00007ffa64a10000 - 0x00007ffa64a81000 	C:\WINDOWS\System32\WS2_32.dll
0x00007ffa61720000 - 0x00007ffa61738000 	C:\WINDOWS\SYSTEM32\kernel.appcore.dll
0x00007ffa5d120000 - 0x00007ffa5d130000 	C:\Program Files\Java\jdk-11.0.15\bin\verify.dll
0x00007ffa50460000 - 0x00007ffa5068e000 	C:\WINDOWS\SYSTEM32\DBGHELP.DLL
0x00007ffa64ec0000 - 0x00007ffa65249000 	C:\WINDOWS\System32\combase.dll
0x00007ffa633f0000 - 0x00007ffa634c7000 	C:\WINDOWS\System32\OLEAUT32.dll
0x00007ffa50090000 - 0x00007ffa500c2000 	C:\WINDOWS\SYSTEM32\dbgcore.DLL
0x00007ffa626d0000 - 0x00007ffa6274b000 	C:\WINDOWS\System32\bcryptPrimitives.dll
0x00007ffa529e0000 - 0x00007ffa52a08000 	C:\Program Files\Java\jdk-11.0.15\bin\java.dll
0x00007ffa5c1c0000 - 0x00007ffa5c1ca000 	C:\Program Files\Java\jdk-11.0.15\bin\jimage.dll
0x00007ffa52c50000 - 0x00007ffa52c66000 	C:\Program Files\Java\jdk-11.0.15\bin\zip.dll
0x00007ffa63bc0000 - 0x00007ffa643b0000 	C:\WINDOWS\System32\SHELL32.dll
0x00007ffa606e0000 - 0x00007ffa60fae000 	C:\WINDOWS\SYSTEM32\windows.storage.dll
0x00007ffa605a0000 - 0x00007ffa606de000 	C:\WINDOWS\SYSTEM32\wintypes.dll
0x00007ffa64dc0000 - 0x00007ffa64eb1000 	C:\WINDOWS\System32\SHCORE.dll
0x00007ffa63330000 - 0x00007ffa6338e000 	C:\WINDOWS\System32\shlwapi.dll
0x00007ffa62600000 - 0x00007ffa62621000 	C:\WINDOWS\SYSTEM32\profapi.dll
0x00007ffa52390000 - 0x00007ffa523a9000 	C:\Program Files\Java\jdk-11.0.15\bin\net.dll
0x00007ffa5be20000 - 0x00007ffa5bf4f000 	C:\WINDOWS\SYSTEM32\WINHTTP.dll
0x00007ffa61b90000 - 0x00007ffa61bf9000 	C:\WINDOWS\system32\mswsock.dll
0x00007ffa514e0000 - 0x00007ffa514f2000 	C:\Program Files\Java\jdk-11.0.15\bin\nio.dll
0x00007ffa3f8b0000 - 0x00007ffa3f8d7000 	C:\Users\lowan\.gradle\native\e1d6ef7f7dcc3fd88c89a11ec53ec762bb8ba0a96d01ffa2cd45eb1d1d8dd5c5\windows-amd64\native-platform.dll
0x00007ffa26ae0000 - 0x00007ffa26c24000 	C:\Users\lowan\.gradle\native\0d407fdbe67a94daf76414ababcb853783967236a71b16ec16e742cd7a986fd3\windows-amd64\native-platform-file-events.dll
0x00007ffa59540000 - 0x00007ffa59549000 	C:\Program Files\Java\jdk-11.0.15\bin\management.dll
0x00007ffa59530000 - 0x00007ffa5953b000 	C:\Program Files\Java\jdk-11.0.15\bin\management_ext.dll
0x00007ffa61e00000 - 0x00007ffa61e1b000 	C:\WINDOWS\SYSTEM32\CRYPTSP.dll
0x00007ffa61690000 - 0x00007ffa616c5000 	C:\WINDOWS\system32\rsaenh.dll
0x00007ffa61c90000 - 0x00007ffa61cb8000 	C:\WINDOWS\SYSTEM32\USERENV.dll
0x00007ffa61fb0000 - 0x00007ffa61fd8000 	C:\WINDOWS\SYSTEM32\bcrypt.dll
0x00007ffa61df0000 - 0x00007ffa61dfc000 	C:\WINDOWS\SYSTEM32\CRYPTBASE.dll
0x00007ffa61200000 - 0x00007ffa6122d000 	C:\WINDOWS\SYSTEM32\IPHLPAPI.DLL
0x00007ffa64550000 - 0x00007ffa64559000 	C:\WINDOWS\System32\NSI.dll
0x00007ffa5bdd0000 - 0x00007ffa5bde9000 	C:\WINDOWS\SYSTEM32\dhcpcsvc6.DLL
0x00007ffa5bd50000 - 0x00007ffa5bd6f000 	C:\WINDOWS\SYSTEM32\dhcpcsvc.DLL
0x00007ffa61270000 - 0x00007ffa61363000 	C:\WINDOWS\SYSTEM32\DNSAPI.dll

dbghelp: loaded successfully - version: 4.0.5 - missing functions: none
symbol engine: initialized successfully - sym options: 0x614 - pdb path: .;C:\Program Files\Java\jdk-11.0.15\bin;C:\WINDOWS\SYSTEM32;C:\WINDOWS\WinSxS\amd64_microsoft.windows.common-controls_6595b64144ccf1df_6.0.22621.608_none_a9444ca7c10bb01d;C:\Program Files\Java\jdk-11.0.15\bin\server;C:\Users\lowan\.gradle\native\e1d6ef7f7dcc3fd88c89a11ec53ec762bb8ba0a96d01ffa2cd45eb1d1d8dd5c5\windows-amd64;C:\Users\lowan\.gradle\native\0d407fdbe67a94daf76414ababcb853783967236a71b16ec16e742cd7a986fd3\windows-amd64

VM Arguments:
jvm_args: -XX:MaxMetaspaceSize=512m --add-opens=java.base/java.util=ALL-UNNAMED --add-opens=java.base/java.lang=ALL-UNNAMED --add-opens=java.base/java.lang.invoke=ALL-UNNAMED --add-opens=java.base/java.util=ALL-UNNAMED --add-opens=java.prefs/java.util.prefs=ALL-UNNAMED --add-opens=java.prefs/java.util.prefs=ALL-UNNAMED --add-opens=java.base/java.nio.charset=ALL-UNNAMED --add-opens=java.base/java.net=ALL-UNNAMED --add-opens=java.base/java.util.concurrent.atomic=ALL-UNNAMED -Xmx2048m -Dfile.encoding=windows-1252 -Duser.country=IN -Duser.language=en -Duser.variant 
java_command: org.gradle.launcher.daemon.bootstrap.GradleDaemon 7.5.1
java_class_path (initial): C:\Users\lowan\.gradle\wrapper\dists\gradle-7.5.1-all\1ehga6e77gqps5uk2kc5kf1vc\gradle-7.5.1\lib\gradle-launcher-7.5.1.jar
Launcher Type: SUN_STANDARD

[Global flags]
     intx CICompilerCount                          = 4                                         {product} {ergonomic}
   size_t CompressedClassSpaceSize                 = 528482304                                 {product} {ergonomic}
     uint ConcGCThreads                            = 2                                         {product} {ergonomic}
     uint G1ConcRefinementThreads                  = 8                                         {product} {ergonomic}
   size_t G1HeapRegionSize                         = 1048576                                   {product} {ergonomic}
    uintx GCDrainStackTargetSize                   = 64                                        {product} {ergonomic}
   size_t InitialHeapSize                          = 134217728                                 {product} {ergonomic}
   size_t MarkStackSize                            = 4194304                                   {product} {ergonomic}
   size_t MaxHeapSize                              = 2147483648                                {product} {command line}
   size_t MaxMetaspaceSize                         = 536870912                                 {product} {command line}
   size_t MaxNewSize                               = 1287651328                                {product} {ergonomic}
   size_t MinHeapDeltaBytes                        = 1048576                                   {product} {ergonomic}
    uintx NonNMethodCodeHeapSize                   = 5836300                                {pd product} {ergonomic}
    uintx NonProfiledCodeHeapSize                  = 122910970                              {pd product} {ergonomic}
    uintx ProfiledCodeHeapSize                     = 122910970                              {pd product} {ergonomic}
    uintx ReservedCodeCacheSize                    = 251658240                              {pd product} {ergonomic}
     bool SegmentedCodeCache                       = true                                      {product} {ergonomic}
     bool UseCompressedClassPointers               = true                                 {lp64_product} {ergonomic}
     bool UseCompressedOops                        = true                                 {lp64_product} {ergonomic}
     bool UseG1GC                                  = true                                      {product} {ergonomic}
     bool UseLargePagesIndividualAllocation        = false                                  {pd product} {ergonomic}

Logging:
Log output configuration:
 #0: stdout all=warning uptime,level,tags
 #1: stderr all=off uptime,level,tags

Environment Variables:
JAVA_HOME=C:\Program Files\Java\jdk-11.0.15
CLASSPATH=D:\MyRoomRN\myroom-rn\android\\gradle\wrapper\gradle-wrapper.jar
PATH=D:\MyRoomRN\myroom-rn\android\node_modules\.bin;D:\MyRoomRN\myroom-rn\node_modules\.bin;D:\MyRoomRN\node_modules\.bin;D:\node_modules\.bin;C:\Program Files\nodejs;D:\MyRoomRN\myroom-rn\node_modules\.bin;D:\MyRoomRN\node_modules\.bin;D:\node_modules\.bin;C:\Users\lowan\AppData\Roaming\npm\node_modules\npm\node_modules\@npmcli\run-script\lib\node-gyp-bin;C:\Program Files\Common Files\Oracle\Java\javapath;C:\WINDOWS\system32;C:\WINDOWS;C:\WINDOWS\System32\Wbem;C:\WINDOWS\System32\WindowsPowerShell\v1.0\;C:\WINDOWS\System32\OpenSSH\;C:\Program Files\nodejs\;C:\Program Files\Git\cmd;C:\Program Files\PuTTY\;C:\Users\lowan\AppData\Local\Microsoft\WindowsApps;C:\Users\lowan\AppData\Local\Android\Sdk\platform-tools;C:\Users\lowan\AppData\Roaming\npm;C:\Users\lowan\AppData\Local\Programs\Microsoft VS Code\bin;D:\MyRoomRN\myroom-rn\node_modules\.bin
USERNAME=lowan
OS=Windows_NT
PROCESSOR_IDENTIFIER=Intel64 Family 6 Model 142 Stepping 10, GenuineIntel



---------------  S Y S T E M  ---------------

OS: Windows 11 , 64 bit Build 22621 (10.0.22621.1344)

CPU:total 8 (initial active 8) (4 cores per cpu, 2 threads per core) family 6 model 142 stepping 10 microcode 0xe0, cmov, cx8, fxsr, mmx, sse, sse2, sse3, ssse3, sse4.1, sse4.2, popcnt, avx, avx2, aes, clmul, erms, 3dnowpref, lzcnt, ht, tsc, tscinvbit, bmi1, bmi2, adx, fma

Memory: 4k page, system-wide physical 8101M (197M free)
TotalPageFile size 28114M (AvailPageFile size 2M)
current process WorkingSet (physical memory assigned to process): 342M, peak: 342M
current process commit charge ("private bytes"): 386M, peak: 387M

vm_info: Java HotSpot(TM) 64-Bit Server VM (11.0.15+8-LTS-149) for windows-amd64 JRE (11.0.15+8-LTS-149), built on Mar  9 2022 22:42:32 by "mach5one" with MS VC++ 15.9 (VS2017)

END.
